******************************************************************************
             TMS320C2000 Linker PC v22.6.1                     
******************************************************************************
>> Linked Fri Jun 13 11:43:13 2025

OUTPUT FILE NAME:   <sci.out>
ENTRY POINT SYMBOL: "code_start"  address: 00000000


MEMORY CONFIGURATION

         name            origin    length      used     unused   attr    fill
----------------------  --------  ---------  --------  --------  ----  --------
PAGE 0:
  BEGIN                 00000000   00000002  00000002  00000000  RWIX
  RAMM0                 00000123   000002dd  00000016  000002c7  RWIX
  RAMLS0                00008000   00000800  00000000  00000800  RWIX
  RAMLS1                00008800   00000800  00000000  00000800  RWIX
  RAMLS2                00009000   00000800  00000000  00000800  RWIX
  RAMLS3                00009800   00000800  00000000  00000800  RWIX
  RAMLS4                0000a000   00000800  00000000  00000800  RWIX
  RAMD0                 0000b000   00000800  00000000  00000800  RWIX
  FLASHA                00080002   00001ffe  00000000  00001ffe  RWIX
  FLASHB                00082000   00002000  00000000  00002000  RWIX
  FLASHC                00084000   00002000  00000000  00002000  RWIX
  FLASHD                00086000   00002000  00000000  00002000  RWIX
  FLASHE                00088000   00008000  00000000  00008000  RWIX
  FLASHF                00090000   00008000  00000000  00008000  RWIX
  FLASHG                00098000   00008000  00000000  00008000  RWIX
  FLASHH                000a0000   00008000  00000000  00008000  RWIX
  FLASHI                000a8000   00008000  00000000  00008000  RWIX
  FLASHJ                000b0000   00008000  00000000  00008000  RWIX
  FLASHK                000b8000   00002000  00000000  00002000  RWIX
  FLASHL                000ba000   00002000  00000000  00002000  RWIX
  FLASHM                000bc000   00002000  00000000  00002000  RWIX
  FLASHN                000be000   00001ff0  00000000  00001ff0  RWIX
  RESET                 003fffc0   00000002  00000000  00000002  RWIX

PAGE 1:
  BOOT_RSVD             00000002   00000121  00000000  00000121  RWIX
  RAMM1                 00000400   000003f8  00000200  000001f8  RWIX
  RAMLS5                0000a800   00000800  000002e5  0000051b  RWIX
  RAMD1                 0000b800   00000800  00000000  00000800  RWIX
  RAMGS0                0000c000   00001000  00000000  00001000  RWIX
  RAMGS1                0000d000   00001000  00000000  00001000  RWIX
  RAMGS2                0000e000   00001000  00000000  00001000  RWIX
  RAMGS3                0000f000   00001000  00000cea  00000316  RWIX
  RAMGS4                00010000   00001000  00000000  00001000  RWIX
  RAMGS5                00011000   00001000  00000000  00001000  RWIX
  RAMGS6                00012000   00001000  00000000  00001000  RWIX
  RAMGS7                00013000   00001000  00000000  00001000  RWIX
  RAMGS8                00014000   00001000  00000000  00001000  RWIX
  RAMGS9                00015000   00001000  00000000  00001000  RWIX
  RAMGS10               00016000   00001000  00000000  00001000  RWIX
  RAMGS11               00017000   00001000  00000000  00001000  RWIX
  RAMGS12               00018000   00001000  00000000  00001000  RWIX
  RAMGS13               00019000   00001000  00000000  00001000  RWIX
  RAMGS14               0001a000   00001000  00000000  00001000  RWIX
  RAMGS15               0001b000   00000ff8  00000000  00000ff8  RWIX
  CPU2TOCPU1RAM         0003f800   00000400  00000000  00000400  RWIX
  CPU1TOCPU2RAM         0003fc00   00000400  00000000  00000400  RWIX
  CANA_MSG_RAM          00049000   00000800  00000000  00000800  RWIX
  CANB_MSG_RAM          0004b000   00000800  00000000  00000800  RWIX


SECTION ALLOCATION MAP

 output                                  attributes/
section   page    origin      length       input sections
--------  ----  ----------  ----------   ----------------
codestart 
*          0    00000000    00000002     
                  00000000    00000002     F2837xD_CodeStartBranch.obj (codestart)

.cinit     0    00000128    00000012     
                  00000128    00000009     (.cinit..data.load) [load image, compression = lzss]
                  00000131    00000001     --HOLE-- [fill = 0]
                  00000132    00000004     (__TI_handler_table)
                  00000136    00000004     (__TI_cinit_table)

.reset     0    003fffc0    00000000     DSECT

.stack     1    00000400    00000200     UNINITIALIZED
                  00000400    00000200     --HOLE--

.init_array 
*          0    00000123    00000000     UNINITIALIZED

.const     1    0000a800    000002d5     
                  0000a800    000000c2     driverlib_eabi.lib : sysctl.obj (.const:.string)
                  0000a8c2    000000bc                        : gpio.obj (.const:.string)
                  0000a97e    000000bb                        : sci.obj (.const:.string)
                  0000aa39    00000001     --HOLE-- [fill = 0]
                  0000aa3a    00000043     board.obj (.const:.string)
                  0000aa7d    00000001     --HOLE-- [fill = 0]
                  0000aa7e    00000043     main.obj (.const:.string)
                  0000aac1    00000001     --HOLE-- [fill = 0]
                  0000aac2    00000013     device.obj (.const:.string)

.data      1    0000aad6    00000010     UNINITIALIZED
                  0000aad6    00000006     device.obj (.data)
                  0000aadc    00000006     rts2800_fpu32_eabi.lib : exit.c.obj (.data)
                  0000aae2    00000002                            : _lock.c.obj (.data:_lock)
                  0000aae4    00000002                            : _lock.c.obj (.data:_unlock)

.TI.ramfunc 
*          0    00000123    00000004     
                  00000123    00000004     driverlib_eabi.lib : sysctl.obj (.TI.ramfunc)

GETBUFFER 
*          0    0003f800    00000000     DSECT

GETWRITEIDX 
*          0    0003f800    00000000     DSECT

PUTREADIDX 
*          0    0003f800    00000000     DSECT

.text      1    0000f000    00000cea     
                  0000f000    00000209     driverlib_eabi.lib : sysctl.obj (.text:SysCtl_setClock)
                  0000f209    000000eb     device.obj (.text:Device_enableAllPeripherals)
                  0000f2f4    00000090     driverlib_eabi.lib : sysctl.obj (.text:SysCtl_selectXTAL)
                  0000f384    00000088     rts2800_fpu32_eabi.lib : fs_div28.asm.obj (.text)
                  0000f40c    00000068     driverlib_eabi.lib : sysctl.obj (.text:SysCtl_getDeviceParametric)
                  0000f474    00000052                        : gpio.obj (.text:GPIO_setPadConfig)
                  0000f4c6    00000051                        : sysctl.obj (.text:SysCtl_getClock)
                  0000f517    00000048                        : sysctl.obj (.text:SysCtl_selectOscSource)
                  0000f55f    00000045                        : sci.obj (.text:SCI_clearInterruptStatus)
                  0000f5a4    00000044                        : sci.obj (.text:SCI_enableInterrupt)
                  0000f5e8    00000043     board.obj (.text:SCI0_init)
                  0000f62b    00000042     main.obj (.text:INT_SCI0_RX_ISR)
                  0000f66d    00000040     device.obj (.text:Device_init)
                  0000f6ad    0000003e     driverlib_eabi.lib : sci.obj (.text:SCI_setConfig)
                  0000f6eb    0000003d                        : interrupt.obj (.text:Interrupt_initModule)
                  0000f728    00000037                        : gpio.obj (.text:GPIO_setPinConfig)
                  0000f75f    00000037                        : gpio.obj (.text:GPIO_setQualificationMode)
                  0000f796    00000037                        : interrupt.obj (.text:Interrupt_enable)
                  0000f7cd    00000031     device.obj (.text:Device_configureTMXAnalogTrim)
                  0000f7fe    00000030     rts2800_fpu32_eabi.lib : copy_decompress_lzss.c.obj (.text:decompress:lzss)
                  0000f82e    0000002b                            : autoinit.c.obj (.text:__TI_auto_init_nobinit_nopinit)
                  0000f859    00000029                            : exit.c.obj (.text)
                  0000f882    00000028     driverlib_eabi.lib : sysctl.obj (.text:CPUTimer_selectClockSource)
                  0000f8aa    00000026     board.obj (.text:SCI_setFIFOInterruptLevel)
                  0000f8d0    0000001f     driverlib_eabi.lib : sysctl.obj (.text:CPUTimer_getTimerOverflowStatus)
                  0000f8ef    0000001f     board.obj (.text:PinMux_init)
                  0000f90e    0000001e     driverlib_eabi.lib : interrupt.obj (.text:Interrupt_initVectorTable)
                  0000f92c    0000001e     main.obj (.text:SCI_readCharBlockingFIFO)
                  0000f94a    0000001d     board.obj (.text:SCI_enableFIFO)
                  0000f967    0000001d     rts2800_fpu32_eabi.lib : memcpy.c.obj (.text)
                  0000f984    0000001b     board.obj (.text:SCI_isBaseValid)
                  0000f99f    0000001b     driverlib_eabi.lib : sci.obj (.text:SCI_isBaseValid)
                  0000f9ba    0000001b     main.obj (.text:SCI_isBaseValid)
                  0000f9d5    0000001a     driverlib_eabi.lib : sysctl.obj (.text:CPUTimer_startTimer)
                  0000f9ef    0000001a                        : sysctl.obj (.text:SysCtl_getLowSpeedClock)
                  0000fa09    00000019     main.obj (.text:SCI_writeCharBlockingFIFO)
                  0000fa22    00000018     driverlib_eabi.lib : sci.obj (.text:SCI_disableModule)
                  0000fa3a    00000018     board.obj (.text:SCI_performSoftwareReset)
                  0000fa52    00000018     driverlib_eabi.lib : sci.obj (.text:SCI_performSoftwareReset)
                  0000fa6a    00000018     board.obj (.text:SCI_resetChannels)
                  0000fa82    00000018     board.obj (.text:SCI_resetRxFIFO)
                  0000fa9a    00000018     board.obj (.text:SCI_resetTxFIFO)
                  0000fab2    00000018     device.obj (.text:SysCtl_disablePeripheral)
                  0000faca    00000017     driverlib_eabi.lib : sysctl.obj (.text:CPUTimer_isBaseValid)
                  0000fae1    00000017     device.obj (.text:SysCtl_enablePeripheral)
                  0000faf8    00000017     rts2800_fpu32_eabi.lib : boot28.asm.obj (.text)
                  0000fb0f    00000016     driverlib_eabi.lib : interrupt.obj (.text:Interrupt_defaultHandler)
                  0000fb25    00000014                        : sysctl.obj (.text:CPUTimer_stopTimer)
                  0000fb39    00000014     main.obj (.text:SCI_getRxFIFOStatus)
                  0000fb4d    00000014     main.obj (.text:SCI_getTxFIFOStatus)
                  0000fb61    00000014     device.obj (.text:SysCtl_deviceCal)
                  0000fb75    00000013     board.obj (.text:SCI_clearOverflowStatus)
                  0000fb88    00000013     board.obj (.text:SCI_enableModule)
                  0000fb9b    00000013     driverlib_eabi.lib : sci.obj (.text:SCI_enableModule)
                  0000fbae    00000012                        : sysctl.obj (.text:CPUTimer_clearOverflowFlag)
                  0000fbc0    00000012                        : sysctl.obj (.text:CPUTimer_disableInterrupt)
                  0000fbd2    00000011                        : sysctl.obj (.text:CPUTimer_setPeriod)
                  0000fbe3    00000011     board.obj (.text:SCI_disableLoopback)
                  0000fbf4    00000010     main.obj (.text:SCI_getRxStatus)
                  0000fc04    0000000f     board.obj (.text:Interrupt_register)
                  0000fc13    0000000f     driverlib_eabi.lib : sysctl.obj (.text:SysCtl_pollCpuTimer)
                  0000fc22    0000000e                        : gpio.obj (.text:GPIO_isPinValid)
                  0000fc30    0000000d     board.obj (.text:INTERRUPT_init)
                  0000fc3d    0000000d     driverlib_eabi.lib : interrupt.obj (.text:Interrupt_disableGlobal)
                  0000fc4a    0000000d                        : interrupt.obj (.text:Interrupt_enableGlobal)
                  0000fc57    0000000d     device.obj (.text:SysCtl_setLowSpeedClock)
                  0000fc64    0000000c     rts2800_fpu32_eabi.lib : args_main.c.obj (.text)
                  0000fc70    0000000b     device.obj (.text:SysCtl_disableWatchdog)
                  0000fc7b    0000000b     driverlib_eabi.lib : sysctl.obj (.text:SysCtl_isMCDClockFailureDetected)
                  0000fc86    0000000b     main.obj (.text:main)
                  0000fc91    0000000a     driverlib_eabi.lib : interrupt.obj (.text:Interrupt_illegalOperationHandler)
                  0000fc9b    0000000a                        : interrupt.obj (.text:Interrupt_nmiHandler)
                  0000fca5    00000009     board.obj (.text:Board_init)
                  0000fcae    00000009     driverlib_eabi.lib : sysctl.obj (.text:SysCtl_serviceWatchdog)
                  0000fcb7    00000009     rts2800_fpu32_eabi.lib : _lock.c.obj (.text)
                  0000fcc0    00000008     F2837xD_CodeStartBranch.obj (.text)
                  0000fcc8    00000008     rts2800_fpu32_eabi.lib : copy_decompress_none.c.obj (.text:decompress:none)
                  0000fcd0    00000007     driverlib_eabi.lib : sysctl.obj (.text:SysCtl_resetMCD)
                  0000fcd7    00000007     device.obj (.text:__error__)
                  0000fcde    00000006     main.obj (.text:Interrupt_clearACKGroup)
                  0000fce4    00000003     board.obj (.text:SCI_init)
                  0000fce7    00000002     rts2800_fpu32_eabi.lib : pre_init.c.obj (.text)
                  0000fce9    00000001                            : startup.c.obj (.text)

MODULE SUMMARY

       Module                        code   ro data   rw data
       ------                        ----   -------   -------
    .\
       main.obj                      221    67        0      
    +--+-----------------------------+------+---------+---------+
       Total:                        221    67        0      
                                                             
    .\device\
       device.obj                    446    19        6      
       F2837xD_CodeStartBranch.obj   10     0         0      
    +--+-----------------------------+------+---------+---------+
       Total:                        456    19        6      
                                                             
    .\syscfg\
       board.obj                     383    67        0      
    +--+-----------------------------+------+---------+---------+
       Total:                        383    67        0      
                                                             
    C:\ti\c2000\C2000Ware_5_04_00_00\driverlib\f2837xd\driverlib\ccs\Debug\driverlib_eabi.lib
       sysctl.obj                    1187   194       0      
       sci.obj                       293    187       0      
       gpio.obj                      206    188       0      
       interrupt.obj                 214    0         0      
    +--+-----------------------------+------+---------+---------+
       Total:                        1900   569       0      
                                                             
    C:\ti\ccs1281\ccs\tools\compiler\ti-cgt-c2000_22.6.1.LTS\lib\rts2800_fpu32_eabi.lib
       fs_div28.asm.obj              136    0         0      
       copy_decompress_lzss.c.obj    48     0         0      
       exit.c.obj                    41     0         6      
       autoinit.c.obj                43     0         0      
       memcpy.c.obj                  29     0         0      
       boot28.asm.obj                23     0         0      
       _lock.c.obj                   9      0         4      
       args_main.c.obj               12     0         0      
       copy_decompress_none.c.obj    8      0         0      
       pre_init.c.obj                2      0         0      
       startup.c.obj                 1      0         0      
    +--+-----------------------------+------+---------+---------+
       Total:                        352    0         10     
                                                             
       Stack:                        0      0         512    
       Linker Generated:             0      17        0      
    +--+-----------------------------+------+---------+---------+
       Grand Total:                  3312   739       528    


LINKER GENERATED COPY TABLES

__TI_cinit_table @ 00000136 records: 1, size/record: 4, table size: 4
	.data: load addr=00000128, load size=00000009 bytes, run addr=0000aad6, run size=00000010 bytes, compression=lzss


LINKER GENERATED HANDLER TABLE

__TI_handler_table @ 00000132 records: 2, size/record: 2, table size: 4
	index: 0, handler: __TI_decompress_lzss
	index: 1, handler: __TI_decompress_none


GLOBAL DATA SYMBOLS: SORTED BY DATA PAGE

address     data page           name
--------    ----------------    ----
00000400      10 (00000400)     __stack

0000aad6     2ab (0000aac0)     Example_Result
0000aad8     2ab (0000aac0)     Example_PassCount
0000aada     2ab (0000aac0)     Example_Fail
0000aadc     2ab (0000aac0)     __TI_enable_exit_profile_output
0000aade     2ab (0000aac0)     __TI_cleanup_ptr
0000aae0     2ab (0000aac0)     __TI_dtors_ptr
0000aae2     2ab (0000aac0)     _lock
0000aae4     2ab (0000aac0)     _unlock


GLOBAL SYMBOLS: SORTED ALPHABETICALLY BY Name 

page  address   name                             
----  -------   ----                             
1     0000fca5  Board_init                       
1     0000f859  C$$EXIT                          
1     0000f7cd  Device_configureTMXAnalogTrim    
1     0000f209  Device_enableAllPeripherals      
1     0000f66d  Device_init                      
1     0000aada  Example_Fail                     
1     0000aad8  Example_PassCount                
1     0000aad6  Example_Result                   
1     0000f474  GPIO_setPadConfig                
1     0000f728  GPIO_setPinConfig                
1     0000f75f  GPIO_setQualificationMode        
1     0000fc30  INTERRUPT_init                   
1     0000f62b  INT_SCI0_RX_ISR                  
1     0000fb0f  Interrupt_defaultHandler         
1     0000f796  Interrupt_enable                 
1     0000fc91  Interrupt_illegalOperationHandler
1     0000f6eb  Interrupt_initModule             
1     0000f90e  Interrupt_initVectorTable        
1     0000fc9b  Interrupt_nmiHandler             
1     0000f8ef  PinMux_init                      
1     0000f5e8  SCI0_init                        
1     0000f55f  SCI_clearInterruptStatus         
1     0000f5a4  SCI_enableInterrupt              
1     0000fce4  SCI_init                         
1     0000f6ad  SCI_setConfig                    
0     00000123  SysCtl_delay                     
1     0000f4c6  SysCtl_getClock                  
1     0000f40c  SysCtl_getDeviceParametric       
1     0000f9ef  SysCtl_getLowSpeedClock          
1     0000f517  SysCtl_selectOscSource           
1     0000f2f4  SysCtl_selectXTAL                
1     0000f000  SysCtl_setClock                  
0     00000136  __TI_CINIT_Base                  
0     0000013a  __TI_CINIT_Limit                 
0     0000013a  __TI_CINIT_Warm                  
0     00000132  __TI_Handler_Table_Base          
0     00000136  __TI_Handler_Table_Limit         
1     00000600  __TI_STACK_END                   
abs   00000200  __TI_STACK_SIZE                  
1     0000f82e  __TI_auto_init_nobinit_nopinit   
1     0000aade  __TI_cleanup_ptr                 
1     0000f7fe  __TI_decompress_lzss             
1     0000fcc8  __TI_decompress_none             
1     0000aae0  __TI_dtors_ptr                   
1     0000aadc  __TI_enable_exit_profile_output  
abs   ffffffff  __TI_pprof_out_hndl              
abs   ffffffff  __TI_prof_data_size              
abs   ffffffff  __TI_prof_data_start             
1     0000f384  __c28xabi_divf                   
n/a   UNDEFED   __c_args__                       
1     0000fcd7  __error__                        
1     00000400  __stack                          
1     0000fc64  _args_main                       
1     0000faf8  _c_int00                         
1     0000aae2  _lock                            
1     0000fcbf  _nop                             
1     0000fcbb  _register_lock                   
1     0000fcb7  _register_unlock                 
1     0000fce9  _system_post_cinit               
1     0000fce7  _system_pre_init                 
1     0000aae4  _unlock                          
1     0000f859  abort                            
0     00000000  code_start                       
1     0000f85b  exit                             
1     0000fc86  main                             
1     0000f967  memcpy                           


GLOBAL SYMBOLS: SORTED BY Symbol Address 

page  address   name                             
----  -------   ----                             
0     00000000  code_start                       
0     00000123  SysCtl_delay                     
0     00000132  __TI_Handler_Table_Base          
0     00000136  __TI_CINIT_Base                  
0     00000136  __TI_Handler_Table_Limit         
0     0000013a  __TI_CINIT_Limit                 
0     0000013a  __TI_CINIT_Warm                  
1     00000400  __stack                          
1     00000600  __TI_STACK_END                   
1     0000aad6  Example_Result                   
1     0000aad8  Example_PassCount                
1     0000aada  Example_Fail                     
1     0000aadc  __TI_enable_exit_profile_output  
1     0000aade  __TI_cleanup_ptr                 
1     0000aae0  __TI_dtors_ptr                   
1     0000aae2  _lock                            
1     0000aae4  _unlock                          
1     0000f000  SysCtl_setClock                  
1     0000f209  Device_enableAllPeripherals      
1     0000f2f4  SysCtl_selectXTAL                
1     0000f384  __c28xabi_divf                   
1     0000f40c  SysCtl_getDeviceParametric       
1     0000f474  GPIO_setPadConfig                
1     0000f4c6  SysCtl_getClock                  
1     0000f517  SysCtl_selectOscSource           
1     0000f55f  SCI_clearInterruptStatus         
1     0000f5a4  SCI_enableInterrupt              
1     0000f5e8  SCI0_init                        
1     0000f62b  INT_SCI0_RX_ISR                  
1     0000f66d  Device_init                      
1     0000f6ad  SCI_setConfig                    
1     0000f6eb  Interrupt_initModule             
1     0000f728  GPIO_setPinConfig                
1     0000f75f  GPIO_setQualificationMode        
1     0000f796  Interrupt_enable                 
1     0000f7cd  Device_configureTMXAnalogTrim    
1     0000f7fe  __TI_decompress_lzss             
1     0000f82e  __TI_auto_init_nobinit_nopinit   
1     0000f859  C$$EXIT                          
1     0000f859  abort                            
1     0000f85b  exit                             
1     0000f8ef  PinMux_init                      
1     0000f90e  Interrupt_initVectorTable        
1     0000f967  memcpy                           
1     0000f9ef  SysCtl_getLowSpeedClock          
1     0000faf8  _c_int00                         
1     0000fb0f  Interrupt_defaultHandler         
1     0000fc30  INTERRUPT_init                   
1     0000fc64  _args_main                       
1     0000fc86  main                             
1     0000fc91  Interrupt_illegalOperationHandler
1     0000fc9b  Interrupt_nmiHandler             
1     0000fca5  Board_init                       
1     0000fcb7  _register_unlock                 
1     0000fcbb  _register_lock                   
1     0000fcbf  _nop                             
1     0000fcc8  __TI_decompress_none             
1     0000fcd7  __error__                        
1     0000fce4  SCI_init                         
1     0000fce7  _system_pre_init                 
1     0000fce9  _system_post_cinit               
abs   00000200  __TI_STACK_SIZE                  
abs   ffffffff  __TI_pprof_out_hndl              
abs   ffffffff  __TI_prof_data_size              
abs   ffffffff  __TI_prof_data_start             
n/a   UNDEFED   __c_args__                       

[66 symbols]
